
======================================================================
python : Traceback (most recent call last):
At line:1 char:1
+ python scripts/test_ml_integration.py > test_log.txt 2>&1
+ ~~~~~~~~~~~~~~~~~~~~~~~~~~~~~~~~~~~~~~~~~~~~~~~~~~~~~~~~~
    + CategoryInfo          : NotSpecified: (Traceback (most r 
   ecent call last)::String) [], RemoteException
    + FullyQualifiedErrorId : NativeCommandError
 
  File "C:\Users\Admin\Desktop\Smart_shield\backend\scripts\tes
t_ml_integration.py", line 389, in main
    results = run_comprehensive_test()
  File "C:\Users\Admin\Desktop\Smart_shield\backend\scripts\tes
t_ml_integration.py", line 309, in run_comprehensive_test
    print(Fore.CYAN + Style.BRIGHT + "\U0001f9ea SMART SHIELD 
ML INTEGRATION TEST SUITE".center(70))
    ~~~~~^^^^^^^^^^^^^^^^^^^^^^^^^^^^^^^^^^^^^^^^^^^^^^^^^^^^^^
^^^^^^^^^^^^^^^^^^^^^^^^^^^^^
  File "C:\Users\Admin\AppData\Local\Programs\Python\Python313\
Lib\site-packages\colorama\ansitowin32.py", line 47, in write
    self.__convertor.write(text)
    ~~~~~~~~~~~~~~~~~~~~~~^^^^^^
  File "C:\Users\Admin\AppData\Local\Programs\Python\Python313\
Lib\site-packages\colorama\ansitowin32.py", line 177, in write
    self.write_and_convert(text)
    ~~~~~~~~~~~~~~~~~~~~~~^^^^^^
  File "C:\Users\Admin\AppData\Local\Programs\Python\Python313\
Lib\site-packages\colorama\ansitowin32.py", line 205, in 
write_and_convert
    self.write_plain_text(text, cursor, len(text))
    ~~~~~~~~~~~~~~~~~~~~~^^^^^^^^^^^^^^^^^^^^^^^^^
  File "C:\Users\Admin\AppData\Local\Programs\Python\Python313\
Lib\site-packages\colorama\ansitowin32.py", line 210, in 
write_plain_text
    self.wrapped.write(text[start:end])
    ~~~~~~~~~~~~~~~~~~^^^^^^^^^^^^^^^^^
  File "C:\Users\Admin\AppData\Local\Programs\Python\Python313\
Lib\encodings\cp1252.py", line 19, in encode
    return 
codecs.charmap_encode(input,self.errors,encoding_table)[0]
           
~~~~~~~~~~~~~~~~~~~~~^^^^^^^^^^^^^^^^^^^^^^^^^^^^^^^^^^
UnicodeEncodeError: 'charmap' codec can't encode character 
'\U0001f9ea' in position 15: character maps to <undefined>

During handling of the above exception, another exception 
occurred:

Traceback (most recent call last):
  File "C:\Users\Admin\Desktop\Smart_shield\backend\scripts\tes
t_ml_integration.py", line 416, in <module>
    main()
    ~~~~^^
  File "C:\Users\Admin\Desktop\Smart_shield\backend\scripts\tes
t_ml_integration.py", line 402, in main
    print(f"\n\n\u274c Unexpected error: {e}")
    ~~~~~^^^^^^^^^^^^^^^^^^^^^^^^^^^^^^^^^
  File "C:\Users\Admin\AppData\Local\Programs\Python\Python313\
Lib\site-packages\colorama\ansitowin32.py", line 47, in write
    self.__convertor.write(text)
    ~~~~~~~~~~~~~~~~~~~~~~^^^^^^
  File "C:\Users\Admin\AppData\Local\Programs\Python\Python313\
Lib\site-packages\colorama\ansitowin32.py", line 177, in write
    self.write_and_convert(text)
    ~~~~~~~~~~~~~~~~~~~~~~^^^^^^
  File "C:\Users\Admin\AppData\Local\Programs\Python\Python313\
Lib\site-packages\colorama\ansitowin32.py", line 205, in 
write_and_convert
    self.write_plain_text(text, cursor, len(text))
    ~~~~~~~~~~~~~~~~~~~~~^^^^^^^^^^^^^^^^^^^^^^^^^
  File "C:\Users\Admin\AppData\Local\Programs\Python\Python313\
Lib\site-packages\colorama\ansitowin32.py", line 210, in 
write_plain_text
    self.wrapped.write(text[start:end])
    ~~~~~~~~~~~~~~~~~~^^^^^^^^^^^^^^^^^
  File "C:\Users\Admin\AppData\Local\Programs\Python\Python313\
Lib\encodings\cp1252.py", line 19, in encode
    return 
codecs.charmap_encode(input,self.errors,encoding_table)[0]
           
~~~~~~~~~~~~~~~~~~~~~^^^^^^^^^^^^^^^^^^^^^^^^^^^^^^^^^^
UnicodeEncodeError: 'charmap' codec can't encode character 
'\u274c' in position 4: character maps to <undefined>
